// Jest Snapshot v1, https://goo.gl/fbAQLP

exports[`ExtensionCard renders 1`] = `
<div
  className="extension-card card position-relative flex-1"
>
  <div
    className="card-body p-0 extension-card__body d-flex flex-column position-relative"
  >
    <div
      className="extension-card__background-section d-flex align-items-center blue"
    >
      <img
        alt=""
        className="extension-card__icon"
        src="data:image/png,abcd"
      />
    </div>
    <div
      className="extension-card__details-section w-100 flex-grow-1"
    >
      <div
        className="mb-2"
      >
        <h3
          className="mb-0 mr-1 text-truncate flex-1"
        >
          <a
            href="/extensions/x/y"
            onClick={[Function]}
          >
            y
          </a>
        </h3>
        <span>
          by 
          x
        </span>
      </div>
      <div
        className="mt-3 extension-card__description"
      >
        <span
          className=""
        >
          d
        </span>
      </div>
    </div>
    <div
      className="extension-card__toggles-section d-flex flex-column align-items-end mt-1"
    >
      <div
        className="px-1"
      >
        <span
          className="text-muted small"
        >
          Disabled
        </span>
      </div>
      <div
        className="px-1 mt-2"
      >
        <span
          className="text-muted"
        >
          Disabled
           by default for all
        </span>
        <button
          aria-checked={false}
          className="toggleBig container mx-2"
          data-test="extension-toggle-x/y"
          disabled={false}
          onClick={[Function]}
          onFocus={[Function]}
          onMouseOver={[Function]}
          role="switch"
          title="Click to enable"
          type="button"
          value={0}
        >
          <span
            className="bar"
          />
          <span
            className="barShadow"
          />
          <span
            className="d-flex flex-column justify-content-center align-items-center knob"
          />
          <span
            className="text"
          >
            Disabled
          </span>
        </button>
      </div>
    </div>
  </div>
</div>
`;
