test/a:
	test/b:
		test/d
	test/c:
		test/e:
			test/f
	test/g
