// Jest Snapshot v1, https://goo.gl/fbAQLP

exports[`SiteAdminProductSubscriptionPage renders 1`] = `
<DocumentFragment>
  <div
    aria-live="assertive"
    class="alert alertDanger my-2"
    role="alert"
  >
     
    <span
      class="markdown"
    >
      No more mocked responses for the query: query DotComProductSubscription($uuid: String!) {
      <br />
        dotcom {
      <br />
          productSubscription(uuid: $uuid) {
      <br />
            id
      <br />
            name
      <br />
            account {
      <br />
              ...DotComProductSubscriptionEmailFields
      <br />
              __typename
      <br />
            }
      <br />
            productLicenses {
      <br />
              nodes {
      <br />
                id
      <br />
                info {
      <br />
                  tags
      <br />
                  userCount
      <br />
                  expiresAt
      <br />
                  __typename
      <br />
                }
      <br />
                licenseKey
      <br />
                createdAt
      <br />
                __typename
      <br />
              }
      <br />
              totalCount
      <br />
              pageInfo {
      <br />
                hasNextPage
      <br />
                __typename
      <br />
              }
      <br />
              __typename
      <br />
            }
      <br />
            activeLicense {
      <br />
              id
      <br />
              info {
      <br />
                productNameWithBrand
      <br />
                tags
      <br />
                userCount
      <br />
                expiresAt
      <br />
                __typename
      <br />
              }
      <br />
              licenseKey
      <br />
              createdAt
      <br />
              __typename
      <br />
            }
      <br />
            sourcegraphAccessToken
      <br />
            llmProxyAccess {
      <br />
              ...LLMProxyAccessFields
      <br />
              __typename
      <br />
            }
      <br />
            createdAt
      <br />
            isArchived
      <br />
            url
      <br />
            __typename
      <br />
          }
      <br />
          __typename
      <br />
        }
      <br />
      }
      <p />
      

      <p>
        fragment LLMProxyAccessFields on LLMProxyAccess {
        <br />
          enabled
        <br />
          rateLimit {
        <br />
            ...LLMProxyRateLimitFields
        <br />
            __typename
        <br />
          }
        <br />
          __typename
        <br />
        }
      </p>
      

      <p>
        fragment LLMProxyRateLimitFields on LLMProxyRateLimit {
        <br />
          source
        <br />
          limit
        <br />
          intervalSeconds
        <br />
          __typename
        <br />
        }
      </p>
      

      <p>
        fragment DotComProductSubscriptionEmailFields on User {
        <br />
          id
        <br />
          username
        <br />
          displayName
        <br />
          emails {
        <br />
            email
        <br />
            verified
        <br />
            __typename
        <br />
          }
        <br />
          __typename
        <br />
        }
      </p>
      

      <p>
        Expected variables: {"uuid":""}
      </p>
    </span>
  </div>
</DocumentFragment>
`;
