// Jest Snapshot v1, https://goo.gl/fbAQLP

exports[`StatusMessagesNavItem all messages 1`] = `
<DocumentFragment>
  <button
    aria-label="Show status messages"
    class="btn btnLink nav-link py-0 px-0 percy-hide chromatic-ignore"
    type="button"
  >
    <svg
      aria-label="Sorry, we couldn’t fetch notifications!"
      class="phabricator-icon mdi-icon mdi-icon iconInline iconInlineMd"
      data-state="closed"
      fill="currentColor"
      height="24"
      role="img"
      viewBox="0 0 20 20"
      width="24"
    >
      <g>
        <path
          d="M15.3129 6.28624C14.2107 4.51968 12.2477 3.33203 9.96484 3.33203C7.54818 3.33203 5.46484 4.66536 4.46484 6.66536C1.88151 6.9987 -0.0351562 9.08203 -0.0351562 11.6654C-0.0351562 14.4154 2.21484 16.6654 4.96484 16.6654H9.32894L10.3379 14.9154H4.96484C3.18134 14.9154 1.71484 13.4489 1.71484 11.6654C1.71484 10.0076 2.9321 8.62765 4.68879 8.40098L5.61324 8.28169L6.03009 7.44799C6.7313 6.04556 8.20576 5.08203 9.96484 5.08203C11.9829 5.08203 13.6486 6.35936 14.2597 8.11301L15.3129 6.28624Z"
          fill="#798BAF"
        />
        <path
          d="M15.4749 9.62828C15.639 9.34396 16.0494 9.34396 16.2136 9.62828L19.9071 16.0256C20.0712 16.3099 19.866 16.6653 19.5377 16.6653H12.1508C11.8224 16.6653 11.6173 16.3099 11.7814 16.0256L15.4749 9.62828Z"
          fill="#F59F00"
        />
      </g>
      <defs>
        <clippath
          id="clip0"
        >
          <rect
            fill="white"
            height="20"
            width="20"
          />
        </clippath>
      </defs>
    </svg>
  </button>
</DocumentFragment>
`;

exports[`StatusMessagesNavItem no messages 1`] = `
<DocumentFragment>
  <button
    aria-label="Show status messages"
    class="btn btnLink nav-link py-0 px-0 percy-hide chromatic-ignore"
    type="button"
  >
    <svg
      aria-label="Sorry, we couldn’t fetch notifications!"
      class="phabricator-icon mdi-icon mdi-icon iconInline iconInlineMd"
      data-state="closed"
      fill="currentColor"
      height="24"
      role="img"
      viewBox="0 0 20 20"
      width="24"
    >
      <g>
        <path
          d="M15.3129 6.28624C14.2107 4.51968 12.2477 3.33203 9.96484 3.33203C7.54818 3.33203 5.46484 4.66536 4.46484 6.66536C1.88151 6.9987 -0.0351562 9.08203 -0.0351562 11.6654C-0.0351562 14.4154 2.21484 16.6654 4.96484 16.6654H9.32894L10.3379 14.9154H4.96484C3.18134 14.9154 1.71484 13.4489 1.71484 11.6654C1.71484 10.0076 2.9321 8.62765 4.68879 8.40098L5.61324 8.28169L6.03009 7.44799C6.7313 6.04556 8.20576 5.08203 9.96484 5.08203C11.9829 5.08203 13.6486 6.35936 14.2597 8.11301L15.3129 6.28624Z"
          fill="#798BAF"
        />
        <path
          d="M15.4749 9.62828C15.639 9.34396 16.0494 9.34396 16.2136 9.62828L19.9071 16.0256C20.0712 16.3099 19.866 16.6653 19.5377 16.6653H12.1508C11.8224 16.6653 11.6173 16.3099 11.7814 16.0256L15.4749 9.62828Z"
          fill="#F59F00"
        />
      </g>
      <defs>
        <clippath
          id="clip0"
        >
          <rect
            fill="white"
            height="20"
            width="20"
          />
        </clippath>
      </defs>
    </svg>
  </button>
</DocumentFragment>
`;
