Gerrit API HTTP error: code=401 url="https://gerrit.sgdev.org/a/projects/?S=0&n=100" body="Unauthorized"