[]types.InsightViewSeries{
	{
		ViewID:          2,
		DashboardViewID: 1,
		UniqueID:        "unique-2",
		SeriesID:        "series-id-2",
		Title:           "test title 2",
		Description:     "test description 2",
		Query:           "query-2",
		CreatedAt: time.Time{
			wall: 872715000,
			ext:  63774508602,
		},
		OldestHistoricalAt: time.Time{
			wall: 872715000,
			ext:  63774508602,
		},
		LastRecordedAt: time.Time{
			wall: 872715000,
			ext:  63774508602,
		},
		NextRecordingAfter: time.Time{
			wall: 872715000,
			ext:  63774508602,
		},
		LastSnapshotAt: time.Time{
			wall: 872715000,
			ext:  63774508602,
		},
		NextSnapshotAfter: time.Time{
			wall: 872715000,
			ext:  63774508602,
		},
		Label:               "label2-2",
		LineColor:           "color2",
		SampleIntervalUnit:  "MONTH",
		SampleIntervalValue: 1,
		PresentationType:    types.PresentationType("LINE"),
		GenerationMethod:    types.GenerationMethod("search"),
	},
	{
		ViewID:          1,
		DashboardViewID: 2,
		UniqueID:        "unique-1",
		SeriesID:        "series-id-1",
		Title:           "test title",
		Description:     "test description",
		Query:           "query-1",
		CreatedAt: time.Time{
			wall: 872715000,
			ext:  63774508602,
		},
		OldestHistoricalAt: time.Time{
			wall: 872715000,
			ext:  63774508602,
		},
		LastRecordedAt: time.Time{
			wall: 872715000,
			ext:  63774508602,
		},
		NextRecordingAfter: time.Time{
			wall: 872715000,
			ext:  63774508602,
		},
		LastSnapshotAt: time.Time{
			wall: 872715000,
			ext:  63774508602,
		},
		NextSnapshotAfter: time.Time{
			wall: 872715000,
			ext:  63774508602,
		},
		Label:               "label1-1",
		LineColor:           "color1",
		SampleIntervalUnit:  "MONTH",
		SampleIntervalValue: 1,
		PresentationType:    types.PresentationType("LINE"),
		GenerationMethod:    types.GenerationMethod("search"),
	},
}
