---
source: crates/sg-syntax/src/sg_sciptect.rs
expression: "dump_document(&document, &contents)"
---
  interface MyInterface
//^^^^^^^^^ IdentifierKeyword
  {
       void abstract_func(int x,int y);
//     ^^^^ IdentifierKeyword
//          ^^^^^^^^^^^^^ IdentifierFunction
//                        ^^^ IdentifierKeyword
//                            ^ Identifier
//                              ^^^ IdentifierKeyword
//                                  ^ Identifier
//                                    ^ PunctuationDelimiter
  
       default void default_Fun()
//     ^^^^^^^ IdentifierKeyword
//             ^^^^ IdentifierKeyword
//                  ^^^^^^^^^^^ IdentifierFunction
      {
           System.out.println("This is default method");
//                    ^^^^^^^ IdentifierFunction
//                            ^^^^^^^^^^^^^^^^^^^^^^^^ StringLiteral
//                                                     ^ PunctuationDelimiter
      }
  }
  
  class Main
//^^^^^ IdentifierKeyword
  {
       public static void main(String args[])
//     ^^^^^^ IdentifierKeyword
//            ^^^^^^ IdentifierKeyword
//                   ^^^^ IdentifierKeyword
//                        ^^^^ IdentifierFunction
//                                    ^^^^ Identifier
//                                        ^^ PunctuationBracket
      {
          //lambda expression
//        ^^^^^^^^^^^^^^^^^^^ Comment
          MyInterface fobj = (int x, int y)->System.out.println(x+y);
//                         ^ IdentifierOperator
//                            ^^^ IdentifierKeyword
//                                ^ Identifier
//                                   ^^^ IdentifierKeyword
//                                       ^ Identifier
//                                         ^^ IdentifierKeyword
//                                                      ^^^^^^^ IdentifierFunction
//                                                               ^ IdentifierOperator
//                                                                  ^ PunctuationDelimiter
  
          System.out.print("The result = ");
//                   ^^^^^ IdentifierFunction
//                         ^^^^^^^^^^^^^^^ StringLiteral
//                                         ^ PunctuationDelimiter
          fobj.abstract_func(5,5);
//             ^^^^^^^^^^^^^ IdentifierFunction
//                           ^ NumericLiteral
//                             ^ NumericLiteral
//                               ^ PunctuationDelimiter
          fobj.default_Fun();
//             ^^^^^^^^^^^ IdentifierFunction
//                          ^ PunctuationDelimiter
      }
      String format(String x) {
//           ^^^^^^ IdentifierFunction
//                         ^ Identifier
          return x;
//        ^^^^^^ IdentifierKeyword
//                ^ PunctuationDelimiter
      }
  }

