---
source: crates/sg-syntax/src/sg_sciptect.rs
expression: "dump_document(&document, &contents)"
---
  // Original:
//  ^^^^^^^^^^ Comment
  // repo:^github\.com/radzenhq/radzen-blazor$ file:^Radzen\.Blazor\.Tests/DataGridTests\.cs
//^^^^^^^^^^^^^^^^^^^^^^^^^^^^^^^^^^^^^^^^^^^^^^^^^^^^^^^^^^^^^^^^^^^^^^^^^^^^^^^^^^^^^^^^^^ Comment
  
  using AngleSharp.Dom;
//^^^^^ IdentifierKeyword
//      ^^^^^^^^^^ IdentifierNamespace
//                 ^^^ IdentifierNamespace
//                    ^ PunctuationDelimiter
  using Bunit;
//^^^^^ IdentifierKeyword
//      ^^^^^ IdentifierNamespace
//           ^ PunctuationDelimiter
  using Microsoft.AspNetCore.Components;
//^^^^^ IdentifierKeyword
//      ^^^^^^^^^ IdentifierNamespace
//                ^^^^^^^^^^ IdentifierNamespace
//                           ^^^^^^^^^^ IdentifierNamespace
//                                     ^ PunctuationDelimiter
  using Microsoft.AspNetCore.Components.Rendering;
//^^^^^ IdentifierKeyword
//      ^^^^^^^^^ IdentifierNamespace
//                ^^^^^^^^^^ IdentifierNamespace
//                           ^^^^^^^^^^ IdentifierNamespace
//                                      ^^^^^^^^^ IdentifierNamespace
//                                               ^ PunctuationDelimiter
  using System;
//^^^^^ IdentifierKeyword
//      ^^^^^^ IdentifierNamespace
//            ^ PunctuationDelimiter
  using System.Collections.Generic;
//^^^^^ IdentifierKeyword
//      ^^^^^^ IdentifierNamespace
//             ^^^^^^^^^^^ IdentifierNamespace
//                         ^^^^^^^ IdentifierNamespace
//                                ^ PunctuationDelimiter
  using System.Linq;
//^^^^^ IdentifierKeyword
//      ^^^^^^ IdentifierNamespace
//             ^^^^ IdentifierNamespace
//                 ^ PunctuationDelimiter
  using System.Text.RegularExpressions;
//^^^^^ IdentifierKeyword
//      ^^^^^^ IdentifierNamespace
//             ^^^^ IdentifierNamespace
//                  ^^^^^^^^^^^^^^^^^^ IdentifierNamespace
//                                    ^ PunctuationDelimiter
  using Xunit;
//^^^^^ IdentifierKeyword
//      ^^^^^ IdentifierNamespace
//           ^ PunctuationDelimiter
  namespace Radzen.Blazor.
//^^^^^^^^^ IdentifierNamespace
  {
      public class DataGridTests
//    ^^^^^^ IdentifierKeyword
//           ^^^^^ IdentifierKeyword
      {
          // Css classes tests
//        ^^^^^^^^^^^^^^^^^^^^ Comment
          [Fact]
//         ^^^^ Identifier
          public void DataGrid_Renders_CssClass()
//        ^^^^^^ IdentifierKeyword
//               ^^^^ IdentifierKeyword
//                    ^^^^^^^^^^^^^^^^^^^^^^^^^ IdentifierFunction
          {
              using var ctx = new TestContext();
//                  ^^^ Identifier
//                      ^^^ Identifier
//                          ^ IdentifierOperator
//                            ^^^ IdentifierOperator
//                                             ^ PunctuationDelimiter
              ctx.JSInterop.Mode = JSRuntimeMode.Loose;
//            ^^^ Identifier
//                ^^^^^^^^^ Identifier
//                          ^^^^ Identifier
//                               ^ IdentifierOperator
//                                 ^^^^^^^^^^^^^ Identifier
//                                               ^^^^^ Identifier
//                                                    ^ PunctuationDelimiter
              ctx.JSInterop.SetupModule("_content/Radzen.Blazor/Radzen.Blazor.js");
//            ^^^ Identifier
//                ^^^^^^^^^ Identifier
//                          ^^^^^^^^^^^ IdentifierFunction
//                                      ^^^^^^^^^^^^^^^^^^^^^^^^^^^^^^^^^^^^^^^^^ StringLiteral
//                                                                                ^ PunctuationDelimiter
              var component = ctx.RenderComponent<RadzenGrid<dynamic>>(parameterBuilder =>
//            ^^^ IdentifierKeyword
//                ^^^^^^^^^ Identifier
//                          ^ IdentifierOperator
//                            ^^^ Identifier
//                                ^^^^^^^^^^^^^^^ IdentifierFunction
//                                                                     ^^^^^^^^^^^^^^^^ Identifier
//                                                                                      ^^ IdentifierKeyword
              {
                  parameterBuilder.Add<IEnumerable<dynamic>>(p => p.Data, new[] { new { Id = 1 }, new { Id = 2 }, new { Id = 3 } });
//                ^^^^^^^^^^^^^^^^ Identifier
//                                 ^^^ IdentifierFunction
//                                                           ^ Identifier
//                                                             ^^ IdentifierKeyword
//                                                                ^ Identifier
//                                                                  ^^^^ Identifier
//                                                                        ^^^ IdentifierOperator
//                                                                                ^^^ IdentifierOperator
//                                                                                      ^^ Identifier
//                                                                                         ^ IdentifierOperator
//                                                                                           ^ NumericLiteral
//                                                                                                ^^^ IdentifierOperator
//                                                                                                      ^^ Identifier
//                                                                                                         ^ IdentifierOperator
//                                                                                                           ^ NumericLiteral
//                                                                                                                ^^^ IdentifierOperator
//                                                                                                                      ^^ Identifier
//                                                                                                                         ^ IdentifierOperator
//                                                                                                                           ^ NumericLiteral
//                                                                                                                                 ^ PunctuationDelimiter
                  parameterBuilder.Add<RenderFragment>(p => p.Columns, builder =>
//                ^^^^^^^^^^^^^^^^ Identifier
//                                 ^^^ IdentifierFunction
//                                                     ^ Identifier
//                                                       ^^ IdentifierKeyword
//                                                          ^ Identifier
//                                                            ^^^^^^^ Identifier
//                                                                     ^^^^^^^ Identifier
//                                                                             ^^ IdentifierKeyword
                  {
                      builder.OpenComponent(0, typeof(RadzenGridColumn<dynamic>));
//                    ^^^^^^^ Identifier
//                            ^^^^^^^^^^^^^ IdentifierFunction
//                                          ^ NumericLiteral
//                                             ^^^^^^ IdentifierOperator
//                                                                               ^ PunctuationDelimiter
                      builder.AddAttribute(1, "Property", "Id");
//                    ^^^^^^^ Identifier
//                            ^^^^^^^^^^^^ IdentifierFunction
//                                         ^ NumericLiteral
//                                            ^^^^^^^^^^ StringLiteral
//                                                        ^^^^ StringLiteral
//                                                             ^ PunctuationDelimiter
                      builder.CloseComponent();
//                    ^^^^^^^ Identifier
//                            ^^^^^^^^^^^^^^ IdentifierFunction
//                                            ^ PunctuationDelimiter
                  });
//                  ^ PunctuationDelimiter
              });
//              ^ PunctuationDelimiter
  
              // Main
//            ^^^^^^^ Comment
              Assert.Contains(@$"rz-datatable-scrollable-wrapper", component.Markup);
//            ^^^^^^ Identifier
//                   ^^^^^^^^ IdentifierFunction
//                            ^^^^^^^^^^^^^^^^^^^^^^^^^^^^^^^^^^^ StringLiteral
//                                                                 ^^^^^^^^^ Identifier
//                                                                           ^^^^^^ Identifier
//                                                                                  ^ PunctuationDelimiter
              Assert.Contains(@$"rz-datatable-scrollable-view", component.Markup);
//            ^^^^^^ Identifier
//                   ^^^^^^^^ IdentifierFunction
//                            ^^^^^^^^^^^^^^^^^^^^^^^^^^^^^^^^ StringLiteral
//                                                              ^^^^^^^^^ Identifier
//                                                                        ^^^^^^ Identifier
//                                                                               ^ PunctuationDelimiter
  
              var component = ctx.RenderComponent<RadzenGrid<dynamic>>(parameterBuilder =>
//            ^^^ IdentifierKeyword
//                ^^^^^^^^^ Identifier
//                          ^ IdentifierOperator
//                            ^^^ Identifier
//                                ^^^^^^^^^^^^^^^ IdentifierFunction
//                                                                     ^^^^^^^^^^^^^^^^ Identifier
//                                                                                      ^^ IdentifierKeyword
              {
                  parameterBuilder.Add<IEnumerable<dynamic>>(p => p.Data, new[] { new { Id = 1 }, new { Id = 2 }, new { Id = 3 } });
//                ^^^^^^^^^^^^^^^^ Identifier
//                                 ^^^ IdentifierFunction
//                                                           ^ Identifier
//                                                             ^^ IdentifierKeyword
//                                                                ^ Identifier
//                                                                  ^^^^ Identifier
//                                                                        ^^^ IdentifierOperator
//                                                                                ^^^ IdentifierOperator
//                                                                                      ^^ Identifier
//                                                                                         ^ IdentifierOperator
//                                                                                           ^ NumericLiteral
//                                                                                                ^^^ IdentifierOperator
//                                                                                                      ^^ Identifier
//                                                                                                         ^ IdentifierOperator
//                                                                                                           ^ NumericLiteral
//                                                                                                                ^^^ IdentifierOperator
//                                                                                                                      ^^ Identifier
//                                                                                                                         ^ IdentifierOperator
//                                                                                                                           ^ NumericLiteral
//                                                                                                                                 ^ PunctuationDelimiter
                  parameterBuilder.Add<RenderFragment>(p => p.Columns, builder =>
//                ^^^^^^^^^^^^^^^^ Identifier
//                                 ^^^ IdentifierFunction
//                                                     ^ Identifier
//                                                       ^^ IdentifierKeyword
//                                                          ^ Identifier
//                                                            ^^^^^^^ Identifier
//                                                                     ^^^^^^^ Identifier
//                                                                             ^^ IdentifierKeyword
                  {
                      builder.OpenComponent(0, typeof(RadzenGridColumn<dynamic>));
//                    ^^^^^^^ Identifier
//                            ^^^^^^^^^^^^^ IdentifierFunction
//                                          ^ NumericLiteral
//                                             ^^^^^^ IdentifierOperator
//                                                                               ^ PunctuationDelimiter
                      builder.AddAttribute(1, "Property", "Id");
//                    ^^^^^^^ Identifier
//                            ^^^^^^^^^^^^ IdentifierFunction
//                                         ^ NumericLiteral
//                                            ^^^^^^^^^^ StringLiteral
//                                                        ^^^^ StringLiteral
//                                                             ^ PunctuationDelimiter
                      builder.CloseComponent();
//                    ^^^^^^^ Identifier
//                            ^^^^^^^^^^^^^^ IdentifierFunction
//                                            ^ PunctuationDelimiter
                  });
//                  ^ PunctuationDelimiter
              });
//              ^ PunctuationDelimiter
  
              var markup = new Regex(@"\s\s+").Replace(component.Markup, "").Trim();
//            ^^^ IdentifierKeyword
//                ^^^^^^ Identifier
//                       ^ IdentifierOperator
//                         ^^^ IdentifierOperator
//                                   ^^^^^^^^ StringLiteral
//                                             ^^^^^^^ IdentifierFunction
//                                                     ^^^^^^^^^ Identifier
//                                                               ^^^^^^ Identifier
//                                                                       ^^ StringLiteral
//                                                                           ^^^^ IdentifierFunction
//                                                                                 ^ PunctuationDelimiter
              Assert.Contains(@$"""rz-cell-data"">1", markup);
//            ^^^^^^ Identifier
//                   ^^^^^^^^ IdentifierFunction
//                            ^^^ StringLiteral
//                               ^^ StringLiteralEscape
//                                 ^^^^^^^^^^^^ StringLiteral
//                                             ^^ StringLiteralEscape
//                                               ^^^ StringLiteral
//                                                    ^^^^^^ Identifier
//                                                           ^ PunctuationDelimiter
              Assert.Contains(@$"""rz-cell-data"">2", markup);
//            ^^^^^^ Identifier
//                   ^^^^^^^^ IdentifierFunction
//                            ^^^ StringLiteral
//                               ^^ StringLiteralEscape
//                                 ^^^^^^^^^^^^ StringLiteral
//                                             ^^ StringLiteralEscape
//                                               ^^^ StringLiteral
//                                                    ^^^^^^ Identifier
//                                                           ^ PunctuationDelimiter
              Assert.Contains(@$"""rz-cell-data"">3", markup);
//            ^^^^^^ Identifier
//                   ^^^^^^^^ IdentifierFunction
//                            ^^^ StringLiteral
//                               ^^ StringLiteralEscape
//                                 ^^^^^^^^^^^^ StringLiteral
//                                             ^^ StringLiteralEscape
//                                               ^^^ StringLiteral
//                                                    ^^^^^^ Identifier
//                                                           ^ PunctuationDelimiter
              Assert.Contains(@"
//            ^^^^^^ Identifier
//                   ^^^^^^^^ IdentifierFunction
//                            ^^ StringLiteral 53:28..55:1
  Lorem Ipsum
  ", component.Markup);
//   ^^^^^^^^^ Identifier
//             ^^^^^^ Identifier
//                    ^ PunctuationDelimiter
          }
      }
  }

