---
source: crates/sg-syntax/src/sg_sciptect.rs
expression: "dump_document(&document, &contents)"
---
  #!/bin/sh
// ^^^^^^^^ Comment
  
  OUT=$(test/backtrace-test-raise 2>&1)
//^^^ Identifier
//   ^ IdentifierOperator
//    ^^^^^^^^^^^^^^^^^^^^^^^^^^^^^^^^^ StringLiteral
//      ^^^^^^^^^^^^^^^^^^^^^^^^^ Identifier
//                                ^ NumericLiteral
//                                 ^^ IdentifierOperator
//                                   ^ NumericLiteral
  REPO_LINT=$(
//^^^^^^^^^ Identifier
//         ^ IdentifierOperator
//          ^^ StringLiteral 3:10..8:19
   git diff origin/main -- foobar.md |
// ^^^ Identifier
//                     ^^^ IdentifierOperator
//                                   ^ IdentifierOperator
   # some comment
// ^ Comment
//  ^^^^^^^^^^^^^ Comment
   grep ^+ |
// ^^^^ Identifier
//         ^ IdentifierOperator
   # more sed
// ^ Comment
//  ^^^^^^^^^ Comment
   sed 's/#readme//')
// ^^^ Identifier
//     ^^^^^^^^^^^^^ StringLiteral
  echo "$OUT"
//     ^^^^^^ StringLiteral
//       ^^^ Identifier
  echo "$OUT" | grep 'in main backtrace-test-raise.cc:4'
//     ^^^^^^ StringLiteral
//       ^^^ Identifier
//            ^ IdentifierOperator
//              ^^^^ Identifier
//                   ^^^^^^^^^^^^^^^^^^^^^^^^^^^^^^^^^^^ StringLiteral
  if [[ x != '0' ]]; then
//^^ IdentifierKeyword
//        ^^ IdentifierOperator
//           ^^^ StringLiteral
//                 ^ IdentifierOperator
//                   ^^^^ IdentifierKeyword
  echo 'foo'
//     ^^^^^ StringLiteral
  fi
//^^ IdentifierKeyword

