---
source: crates/sg-syntax/src/sg_sciptect.rs
expression: "dump_document(&document, &contents)"
---
  #include <stdbool.h>
//^^^^^^^^ IdentifierKeyword
//        ^ IdentifierNamespace
//         ^^^^^^^^^^^ StringLiteral
  
  int main() {
//^^^ IdentifierKeyword
//    ^^^^ IdentifierFunction
    // Single line comment
//  ^^^^^^^^^^^^^^^^^^^^^^ Comment
    int x = 1;
//  ^^^ IdentifierKeyword
//        ^ IdentifierOperator
//          ^ NumericLiteral
//           ^ PunctuationDelimiter
  
    /*
//  ^^ Comment 6:2..8:5
     *Multi Line
     */
  
    return x;
//  ^^^^^^ IdentifierKeyword
//          ^ PunctuationDelimiter
  }

