// Jest Snapshot v1, https://goo.gl/fbAQLP

exports[`UserSubscriptionsProductSubscriptionPage renders 1`] = `
<DocumentFragment>
  <div
    class="user-subscriptions-product-subscription-page"
  >
    <div
      class="d-flex align-items-center justify-content-between"
    >
      <backtoallsubscriptionslink
        user="[object Object]"
      />
    </div>
    <h2>
      Subscription 
    </h2>
    <div
      class="card mt-3"
    >
      <div
        class="card-header"
      >
        Billing
      </div>
      <div
        class="card-body"
      >
        <span
          class="text-muted "
        >
          No billing information is associated with this subscription. 
          <a
            href="mailto:sales@sourcegraph.com?subject=Billing%20for%20subscription%20undefined"
          >
            Contact sales
          </a>
           for help.
        </span>
      </div>
    </div>
    <div
      class="card mt-3"
    >
      <div
        class="card-header"
      >
        History
      </div>
      <productsubscriptionhistory
        productsubscription="[object Object]"
      />
    </div>
  </div>
</DocumentFragment>
`;
