// Jest Snapshot v1, https://goo.gl/fbAQLP

exports[`ActionItem Renders contributed action items 1`] = `
<DocumentFragment>
   
  <li>
    <span
      class="action-item actions-nav-items__action-item action-item--variant-action-item"
      data-tooltip="This is Action A"
    >
       Action A
    </span>
  </li>
</DocumentFragment>
`;
