{
  "OR": [
    {
      "GeneratedSearchJob": {
        "Child": {},
        "ProposedQuery": {
          "Description": "unquote patterns",
          "Query": "repo:^github\\.com/sourcegraph/sourcegraph$ monitor *Monitor",
          "PatternType": 1
        }
      }
    },
    {
      "GeneratedSearchJob": {
        "Child": {},
        "ProposedQuery": {
          "Description": "AND patterns together",
          "Query": "repo:^github\\.com/sourcegraph/sourcegraph$ (\"monitor\" AND \"*Monitor\")",
          "PatternType": 1
        }
      }
    }
  ]
}