---
source: crates/scip-syntax/src/locals2.rs
expression: dumped
---
  sub add {
      if (@_ == 2) {
          my $self = shift;
//           ^^^^^ definition local 1
//           ^^^^^ definition local 2
          push(@$self, shift);
//              ^^^^^ reference local 1
          return;
      }
      my($self, %spec) = @_;
//       ^^^^^ definition local 3
//              ^^^^^ definition local 4
      push(@$self, \%spec);
//          ^^^^^ reference local 3
//                  ^^^^^ reference local 4
      return;
  }
  
  sub something {
      for my $ikey (keys %$item) {
//           ^^^^^ definition local 5
          my $mkey = $ikey;
//           ^^^^^ definition local 6
//           ^^^^^ definition local 7
//                   ^^^^^ reference local 5
          if (my $m = $MATCH{$mkey}) {
//               ^^ definition local 8
//               ^^ definition local 9
//                           ^^^^^ reference local 6
              my $v = $item->{$ikey};
//               ^^ definition local 10
//               ^^ definition local 11
//                            ^^^^^ reference local 5
          }
      }
  }

