---
source: crates/scip-syntax/src/locals.rs
expression: scope_tree
---
scope global (0, 0)-(48, 0)
  ref local (7, 4)-(7, 9)
  scope scope (9, 0)-(25, 1)
    ref main (9, 5)-(9, 9)
    scope scope (9, 12)-(25, 1)
      ref local (10, 1)-(10, 6)
      def local (11, 1)-(11, 6)
      ref local (11, 1)-(11, 6)
      def something (12, 1)-(12, 10)
      ref something (12, 1)-(12, 10)
      scope scope (12, 14)-(22, 2)
        def unrelated (12, 19)-(12, 28)
        ref unrelated (12, 19)-(12, 28)
        ref int (12, 29)-(12, 32)
        ref int (12, 34)-(12, 37)
        scope scope (12, 38)-(22, 2)
          def superNested (13, 2)-(13, 13)
          ref superNested (13, 2)-(13, 13)
          scope scope (13, 17)-(15, 3)
            def deeplyNested (13, 22)-(13, 34)
            ref deeplyNested (13, 22)-(13, 34)
            ref int (13, 35)-(13, 38)
            ref int (13, 40)-(13, 43)
            scope scope (13, 44)-(15, 3)
              ref local (14, 10)-(14, 15)
              ref unrelated (14, 18)-(14, 27)
              ref deeplyNested (14, 30)-(14, 42)
          def overwriteName (17, 2)-(17, 15)
          ref overwriteName (17, 2)-(17, 15)
          scope scope (17, 19)-(19, 3)
            def local (17, 24)-(17, 29)
            ref local (17, 24)-(17, 29)
            ref int (17, 30)-(17, 33)
            ref int (17, 35)-(17, 38)
            scope scope (17, 39)-(19, 3)
              ref local (18, 10)-(18, 15)
              ref unrelated (18, 18)-(18, 27)
          ref superNested (21, 9)-(21, 20)
          ref overwriteName (21, 26)-(21, 39)
      ref println (24, 1)-(24, 8)
      ref local (24, 9)-(24, 14)
      ref something (24, 16)-(24, 25)
  scope scope (27, 0)-(47, 1)
    ref Another (27, 5)-(27, 12)
    def local (27, 13)-(27, 18)
    ref local (27, 13)-(27, 18)
    ref int (27, 19)-(27, 22)
    ref int (27, 24)-(27, 27)
    scope scope (27, 28)-(47, 1)
      scope scope (28, 1)-(34, 2)
        def local (28, 4)-(28, 9)
        ref local (28, 4)-(28, 9)
        ref local (28, 16)-(28, 21)
        scope scope (28, 26)-(30, 2)
          ref fmt (29, 2)-(29, 5)
          ref Println (29, 6)-(29, 13)
          ref local (29, 14)-(29, 19)
        scope scope (30, 8)-(34, 2)
          ref local (30, 11)-(30, 16)
          scope scope (30, 22)-(32, 2)
            ref fmt (31, 2)-(31, 5)
            ref Println (31, 6)-(31, 13)
            ref local (31, 14)-(31, 19)
          scope scope (32, 8)-(34, 2)
            ref fmt (33, 2)-(33, 5)
            ref Println (33, 6)-(33, 13)
            ref local (33, 14)-(33, 19)
      scope scope (36, 1)-(44, 2)
        def x (36, 8)-(36, 9)
        ref x (36, 8)-(36, 9)
        ref x (36, 16)-(36, 17)
        def x (38, 2)-(38, 3)
        ref x (38, 2)-(38, 3)
        ref fmt (39, 2)-(39, 5)
        ref Println (39, 6)-(39, 13)
        ref x (39, 14)-(39, 15)
        ref fmt (41, 2)-(41, 5)
        ref Println (41, 6)-(41, 13)
        ref x (41, 14)-(41, 15)
        ref x (42, 6)-(42, 7)
        ref fmt (43, 2)-(43, 5)
        ref Println (43, 6)-(43, 13)
      ref local (46, 8)-(46, 13)

