---
source: crates/syntax-analysis/src/lib.rs
expression: "String::from_utf8_lossy(&output)"
---
{"_type":"tag","name":"Longer.Namespace","path":"globals.cs","language":"c_sharp","line":5,"kind":"namespace","scope":null}
{"_type":"tag","name":"Class","path":"globals.cs","language":"c_sharp","line":7,"kind":"class","scope":"Longer.Namespace"}
{"_type":"tag","name":"Coords","path":"globals.cs","language":"c_sharp","line":34,"kind":"struct","scope":"Longer.Namespace.Class"}
{"_type":"tag","name":"ToString","path":"globals.cs","language":"c_sharp","line":45,"kind":"method","scope":"Longer.Namespace.Class.Coords"}
{"_type":"tag","name":"Y","path":"globals.cs","language":"c_sharp","line":43,"kind":"property","scope":"Longer.Namespace.Class.Coords"}
{"_type":"tag","name":"X","path":"globals.cs","language":"c_sharp","line":42,"kind":"property","scope":"Longer.Namespace.Class.Coords"}
{"_type":"tag","name":"Coords","path":"globals.cs","language":"c_sharp","line":36,"kind":"constructor","scope":"Longer.Namespace.Class.Coords"}
{"_type":"tag","name":"Point","path":"globals.cs","language":"c_sharp","line":49,"kind":"struct","scope":"Longer.Namespace.Class"}
{"_type":"tag","name":"Sum","path":"globals.cs","language":"c_sharp","line":61,"kind":"method","scope":"Longer.Namespace.Class.Point"}
{"_type":"tag","name":"Y","path":"globals.cs","language":"c_sharp","line":58,"kind":"property","scope":"Longer.Namespace.Class.Point"}
{"_type":"tag","name":"X","path":"globals.cs","language":"c_sharp","line":57,"kind":"property","scope":"Longer.Namespace.Class.Point"}
{"_type":"tag","name":"Point","path":"globals.cs","language":"c_sharp","line":51,"kind":"constructor","scope":"Longer.Namespace.Class.Point"}
{"_type":"tag","name":"Swag","path":"globals.cs","language":"c_sharp","line":76,"kind":"enum","scope":"Longer.Namespace.Class"}
{"_type":"tag","name":"Pants","path":"globals.cs","language":"c_sharp","line":81,"kind":"enumMember","scope":"Longer.Namespace.Class.Swag"}
{"_type":"tag","name":"Socks","path":"globals.cs","language":"c_sharp","line":80,"kind":"enumMember","scope":"Longer.Namespace.Class.Swag"}
{"_type":"tag","name":"Sweater","path":"globals.cs","language":"c_sharp","line":79,"kind":"enumMember","scope":"Longer.Namespace.Class.Swag"}
{"_type":"tag","name":"Shirt","path":"globals.cs","language":"c_sharp","line":78,"kind":"enumMember","scope":"Longer.Namespace.Class.Swag"}
{"_type":"tag","name":"ZigFeatureSet","path":"globals.cs","language":"c_sharp","line":87,"kind":"enum","scope":"Longer.Namespace.Class"}
{"_type":"tag","name":"FullPackage","path":"globals.cs","language":"c_sharp","line":94,"kind":"enumMember","scope":"Longer.Namespace.Class.ZigFeatureSet"}
{"_type":"tag","name":"CoolCommunity","path":"globals.cs","language":"c_sharp","line":93,"kind":"enumMember","scope":"Longer.Namespace.Class.ZigFeatureSet"}
{"_type":"tag","name":"BuildSystem","path":"globals.cs","language":"c_sharp","line":92,"kind":"enumMember","scope":"Longer.Namespace.Class.ZigFeatureSet"}
{"_type":"tag","name":"Comptime","path":"globals.cs","language":"c_sharp","line":91,"kind":"enumMember","scope":"Longer.Namespace.Class.ZigFeatureSet"}
{"_type":"tag","name":"Errors","path":"globals.cs","language":"c_sharp","line":90,"kind":"enumMember","scope":"Longer.Namespace.Class.ZigFeatureSet"}
{"_type":"tag","name":"None","path":"globals.cs","language":"c_sharp","line":89,"kind":"enumMember","scope":"Longer.Namespace.Class.ZigFeatureSet"}
{"_type":"tag","name":"Syntax","path":"globals.cs","language":"c_sharp","line":97,"kind":"method","scope":"Longer.Namespace.Class"}
{"_type":"tag","name":"SourcegraphSwag","path":"globals.cs","language":"c_sharp","line":84,"kind":"field","scope":"Longer.Namespace.Class"}
{"_type":"tag","name":"LambdaFunction","path":"globals.cs","language":"c_sharp","line":74,"kind":"property","scope":"Longer.Namespace.Class"}
{"_type":"tag","name":"PublicImplicitGetterSetter","path":"globals.cs","language":"c_sharp","line":72,"kind":"property","scope":"Longer.Namespace.Class"}
{"_type":"tag","name":"_speed","path":"globals.cs","language":"c_sharp","line":71,"kind":"field","scope":"Longer.Namespace.Class"}
{"_type":"tag","name":"Changed","path":"globals.cs","language":"c_sharp","line":69,"kind":"event","scope":"Longer.Namespace.Class"}
{"_type":"tag","name":"MyDelegate","path":"globals.cs","language":"c_sharp","line":67,"kind":"delegate","scope":"Longer.Namespace.Class"}
{"_type":"tag","name":"ImplicitGetterPrivateSetter","path":"globals.cs","language":"c_sharp","line":28,"kind":"property","scope":"Longer.Namespace.Class"}
{"_type":"tag","name":"ImplicitGetterSetter","path":"globals.cs","language":"c_sharp","line":22,"kind":"property","scope":"Longer.Namespace.Class"}
{"_type":"tag","name":"_val","path":"globals.cs","language":"c_sharp","line":20,"kind":"field","scope":"Longer.Namespace.Class"}
{"_type":"tag","name":"ExplicitGetterSetter","path":"globals.cs","language":"c_sharp","line":9,"kind":"property","scope":"Longer.Namespace.Class"}
{"_type":"tag","name":"OneClass","path":"globals.cs","language":"c_sharp","line":101,"kind":"namespace","scope":null}
{"_type":"tag","name":"TheClass","path":"globals.cs","language":"c_sharp","line":104,"kind":"class","scope":"OneClass"}
{"_type":"tag","name":"Text","path":"globals.cs","language":"c_sharp","line":107,"kind":"property","scope":"OneClass.TheClass"}
{"_type":"tag","name":"ClickAction","path":"globals.cs","language":"c_sharp","line":106,"kind":"property","scope":"OneClass.TheClass"}
{"_type":"tag","name":"SurprisinglyValid","path":"globals.cs","language":"c_sharp","line":3,"kind":"function","scope":null}
