---
source: crates/syntax-analysis/src/locals.rs
expression: scope_tree
---
scope global (0, 0)-(82, 0)
  hoisted_def myNestedFunc (7, 9)-(7, 21)
  hoisted_def myPersistFunc (19, 9)-(19, 22)
  hoisted_def myScopeFunc (26, 9)-(26, 20)
  hoisted_def myFunction (36, 18)-(36, 28)
  hoisted_def f (73, 9)-(73, 10)
  scope function (0, 0)-(3, 3)
    def e (1, 4)-(1, 5)
    def f (2, 4)-(2, 5)
  def a (5, 0)-(5, 1)
  scope function (7, 0)-(13, 3)
    hoisted_def nestedChildFunc (10, 13)-(10, 28)
    def g (8, 4)-(8, 5)
    scope function (10, 4)-(12, 7)
      def h (11, 8)-(11, 9)
  def i (15, 7)-(15, 8)
  def j (15, 9)-(15, 10)
  ref i (16, 0)-(16, 1)
  ref j (17, 0)-(17, 1)
  scope function (19, 0)-(24, 3)
    def k (20, 15)-(20, 16)
    ref k (22, 8)-(22, 9)
    ref isempty (21, 7)-(21, 14)
    ref k (21, 15)-(21, 16)
  scope function (26, 0)-(34, 3)
    def m (27, 4)-(27, 5)
    def n (29, 4)-(29, 5)
    ref n (30, 11)-(30, 12)
    def o (32, 4)-(32, 5)
    ref o (33, 15)-(33, 16)
  scope function (36, 0)-(39, 3)
    def a (36, 10)-(36, 11)
    def b (36, 13)-(36, 14)
    ref a (37, 4)-(37, 5)
    ref b (38, 4)-(38, 5)
  scope function (47, 8)-(49, 11)
    def obj (47, 17)-(47, 20)
    def prop1 (47, 31)-(47, 36)
    ref obj (48, 12)-(48, 15)
    ref prop1 (48, 24)-(48, 29)
  scope function (51, 8)-(53, 11)
    def result (51, 17)-(51, 23)
    def obj (51, 34)-(51, 37)
    ref result (52, 12)-(52, 18)
    ref obj (52, 21)-(52, 24)
  def myObject (57, 0)-(57, 8)
  def result (58, 0)-(58, 6)
  ref result (59, 0)-(59, 6)
  ref MyClass (57, 11)-(57, 18)
  ref myObject (58, 9)-(58, 17)
  ref myObject (59, 9)-(59, 17)
  def addTwoNumbers (61, 0)-(61, 13)
  scope scope (61, 16)-(61, 29)
    def x (61, 18)-(61, 19)
    def y (61, 21)-(61, 22)
    ref x (61, 24)-(61, 25)
    ref y (61, 28)-(61, 29)
  def slay (66, 0)-(66, 4)
  ref slay (68, 0)-(68, 4)
  def pog1 (70, 0)-(70, 4)
  ref pog1 (71, 0)-(71, 4)
  scope function (73, 0)-(81, 3)
    def pog2 (75, 4)-(75, 8)
    ref pog2 (78, 4)-(78, 8)
    ref disp (80, 2)-(80, 6)
    ref pog2 (80, 7)-(80, 11)

