---
source: crates/syntax-analysis/src/lib.rs
expression: dumped
---
  @Deprecated
  package foo.bar;
//        ^^^^^^^ definition scip-ctags `foo.bar`/
  
  class Baz {}
//      ^^^ definition scip-ctags Baz#

