---
source: crates/syntax-analysis/src/lib.rs
expression: "String::from_utf8_lossy(&output)"
---
{"_type":"tag","name":"SomeNamespace","path":"globals.hack","language":"hack","line":1,"kind":"namespace","scope":null}
{"_type":"tag","name":"SomeTrait","path":"globals.hack","language":"hack","line":3,"kind":"trait","scope":"SomeNamespace"}
{"_type":"tag","name":"log","path":"globals.hack","language":"hack","line":12,"kind":"method","scope":"SomeNamespace.SomeTrait"}
{"_type":"tag","name":"setLogger","path":"globals.hack","language":"hack","line":8,"kind":"method","scope":"SomeNamespace.SomeTrait"}
{"_type":"tag","name":"secretFromTrait","path":"globals.hack","language":"hack","line":6,"kind":"property","scope":"SomeNamespace.SomeTrait"}
{"_type":"tag","name":"thing","path":"globals.hack","language":"hack","line":5,"kind":"property","scope":"SomeNamespace.SomeTrait"}
{"_type":"tag","name":"logLevel","path":"globals.hack","language":"hack","line":4,"kind":"property","scope":"SomeNamespace.SomeTrait"}
{"_type":"tag","name":"SomeInterface","path":"globals.hack","language":"hack","line":17,"kind":"interface","scope":"SomeNamespace"}
{"_type":"tag","name":"log","path":"globals.hack","language":"hack","line":20,"kind":"method","scope":"SomeNamespace.SomeInterface"}
{"_type":"tag","name":"secretFromInterface","path":"globals.hack","language":"hack","line":19,"kind":"property","scope":"SomeNamespace.SomeInterface"}
{"_type":"tag","name":"MAX_NUMBER_ITEMS","path":"globals.hack","language":"hack","line":18,"kind":"constant","scope":"SomeNamespace.SomeInterface"}
{"_type":"tag","name":"SomeClass","path":"globals.hack","language":"hack","line":23,"kind":"class","scope":"SomeNamespace"}
{"_type":"tag","name":"log","path":"globals.hack","language":"hack","line":28,"kind":"method","scope":"SomeNamespace.SomeClass"}
{"_type":"tag","name":"age","path":"globals.hack","language":"hack","line":27,"kind":"property","scope":"SomeNamespace.SomeClass"}
{"_type":"tag","name":"hello","path":"globals.hack","language":"hack","line":26,"kind":"property","scope":"SomeNamespace.SomeClass"}
{"_type":"tag","name":"secretFromClass","path":"globals.hack","language":"hack","line":25,"kind":"property","scope":"SomeNamespace.SomeClass"}
{"_type":"tag","name":"PI","path":"globals.hack","language":"hack","line":24,"kind":"constant","scope":"SomeNamespace.SomeClass"}
{"_type":"tag","name":"Foo","path":"globals.hack","language":"hack","line":33,"kind":"class","scope":"SomeNamespace"}
{"_type":"tag","name":"T","path":"globals.hack","language":"hack","line":34,"kind":"typeAlias","scope":"SomeNamespace.Foo"}
{"_type":"tag","name":"main","path":"globals.hack","language":"hack","line":43,"kind":"function","scope":"SomeNamespace"}
{"_type":"tag","name":"Foo_new","path":"globals.hack","language":"hack","line":39,"kind":"typeAlias","scope":"SomeNamespace"}
{"_type":"tag","name":"Foo_alias","path":"globals.hack","language":"hack","line":38,"kind":"typeAlias","scope":"SomeNamespace"}
{"_type":"tag","name":"some_const","path":"globals.hack","language":"hack","line":2,"kind":"constant","scope":"SomeNamespace"}
{"_type":"tag","name":"SomeNamespace\\SubNamespace","path":"globals.hack","language":"hack","line":50,"kind":"namespace","scope":null}
{"_type":"tag","name":"Stack","path":"globals.hack","language":"hack","line":52,"kind":"class","scope":"SomeNamespace\\SubNamespace"}
{"_type":"tag","name":"__dispose","path":"globals.hack","language":"hack","line":61,"kind":"method","scope":"SomeNamespace\\SubNamespace.Stack"}
{"_type":"tag","name":"__construct","path":"globals.hack","language":"hack","line":56,"kind":"constructor","scope":"SomeNamespace\\SubNamespace.Stack"}
{"_type":"tag","name":"stackPtr","path":"globals.hack","language":"hack","line":54,"kind":"property","scope":"SomeNamespace\\SubNamespace.Stack"}
{"_type":"tag","name":"stack","path":"globals.hack","language":"hack","line":53,"kind":"property","scope":"SomeNamespace\\SubNamespace.Stack"}
{"_type":"tag","name":"Colors","path":"globals.hack","language":"hack","line":64,"kind":"enum","scope":"SomeNamespace\\SubNamespace"}
{"_type":"tag","name":"Default","path":"globals.hack","language":"hack","line":68,"kind":"enumMember","scope":"SomeNamespace\\SubNamespace.Colors"}
{"_type":"tag","name":"Blue","path":"globals.hack","language":"hack","line":67,"kind":"enumMember","scope":"SomeNamespace\\SubNamespace.Colors"}
{"_type":"tag","name":"Green","path":"globals.hack","language":"hack","line":66,"kind":"enumMember","scope":"SomeNamespace\\SubNamespace.Colors"}
{"_type":"tag","name":"Red","path":"globals.hack","language":"hack","line":65,"kind":"enumMember","scope":"SomeNamespace\\SubNamespace.Colors"}
{"_type":"tag","name":"Random","path":"globals.hack","language":"hack","line":71,"kind":"enum","scope":"SomeNamespace\\SubNamespace"}
{"_type":"tag","name":"S","path":"globals.hack","language":"hack","line":73,"kind":"enumMember","scope":"SomeNamespace\\SubNamespace.Random"}
{"_type":"tag","name":"X","path":"globals.hack","language":"hack","line":72,"kind":"enumMember","scope":"SomeNamespace\\SubNamespace.Random"}
{"_type":"tag","name":"another_const","path":"globals.hack","language":"hack","line":79,"kind":"constant","scope":null}
